Invalid variable
Empty/Invalid command
Empty/Invalid command
hi
